#
# There is insufficient memory for the Java Runtime Environment to continue.
# Native memory allocation (malloc) failed to allocate 1009776 bytes. Error detail: Chunk::new
# Possible reasons:
#   The system is out of physical RAM or swap space
#   This process is running with CompressedOops enabled, and the Java Heap may be blocking the growth of the native heap
# Possible solutions:
#   Reduce memory load on the system
#   Increase physical memory or swap space
#   Check if swap backing store is full
#   Decrease Java heap size (-Xmx/-Xms)
#   Decrease number of Java threads
#   Decrease Java thread stack sizes (-Xss)
#   Set larger code cache with -XX:ReservedCodeCacheSize=
#   JVM is running with Unscaled Compressed Oops mode in which the Java heap is
#     placed in the first 4GB address space. The Java Heap base address is the
#     maximum limit for the native heap growth. Please use -XX:HeapBaseMinAddress
#     to set the Java Heap base and to place the Java Heap above 4GB virtual address.
# This output file may be truncated or incomplete.
#
#  Out of Memory Error (arena.cpp:168), pid=13264, tid=11732
#
# JRE version: OpenJDK Runtime Environment Temurin-21.0.12.1+1 (21.0.12.1+1) (build 21.0.12.1+1-LTS)
# Java VM: OpenJDK 64-Bit Server VM Temurin-21.0.12.1+1 (21.0.12.1+1-LTS, mixed mode, sharing, tiered, compressed oops, compressed class ptrs, parallel gc, windows-amd64)
# No core dump will be written. Minidumps are not enabled by default on client versions of Windows
#

---------------  S U M M A R Y ------------

Command Line: --add-modules=ALL-SYSTEM --add-opens=java.base/java.util=ALL-UNNAMED --add-opens=java.base/java.lang=ALL-UNNAMED --add-opens=java.base/sun.nio.fs=ALL-UNNAMED -Declipse.application=org.eclipse.jdt.ls.core.id1 -Dosgi.bundles.defaultStartLevel=4 -Declipse.product=org.eclipse.jdt.ls.core.product -Djava.import.generatesMetadataFilesAtProjectRoot=false -Dm2e.project.cache.size=50 -DDetectVMInstallationsJob.disabled=true -Dfile.encoding=utf8 -XX:+UseParallelGC -XX:GCTimeRatio=4 -XX:AdaptiveSizePolicyWeight=90 -Dsun.zip.disableMemoryMapping=true -Xmx2G -Xms100m -Xlog:disable -javaagent:c:\Users\RosmaGUz\.vscode\extensions\redhat.java-1.56.0-win32-x64\lombok\lombok-1.18.39-4050.jar -XX:+HeapDumpOnOutOfMemoryError -XX:HeapDumpPath=c:\Users\RosmaGUz\AppData\Roaming\Code\User\workspaceStorage\febdf675d02b96a87bcce0670ff79c90\redhat.java -Daether.dependencyCollector.impl=bf c:\Users\RosmaGUz\.vscode\extensions\redhat.java-1.56.0-win32-x64\server\plugins\org.eclipse.equinox.launcher_1.8.0.v20260804-1928.jar -configuration c:\Users\RosmaGUz\AppData\Roaming\Code\User\globalStorage\redhat.java\1.56.0\config_win -data c:\Users\RosmaGUz\AppData\Roaming\Code\User\workspaceStorage\febdf675d02b96a87bcce0670ff79c90\redhat.java\jdt_ws --pipe=\\.\pipe\lsp-cd86b8d4bfc24ea4c1e967d097530a36-sock

Host: Intel(R) Core(TM) i3-6006U CPU @ 2.00GHz, 4 cores, 7G,  Windows 10 , 64 bit Build 19041 (10.0.19041.3636)
Time: Sun Sep 27 18:27:21 2026 Hora est. Pacífico, Sudamérica elapsed time: 7.147079 seconds (0d 0h 0m 7s)

---------------  T H R E A D  ---------------

Current thread (0x0000028428b96920):  JavaThread "C2 CompilerThread0" daemon [_thread_in_native, id=11732, stack(0x000000b910600000,0x000000b910700000) (1024K)]


Current CompileTask:
C2:7147 3089       4       java.lang.invoke.MethodType::makeImpl (109 bytes)

Stack: [0x000000b910600000,0x000000b910700000]
Native frames: (J=compiled Java code, j=interpreted, Vv=VM code, C=native code)
V  [jvm.dll+0x6d83e9]
V  [jvm.dll+0x8b5736]
V  [jvm.dll+0x8b7cee]
V  [jvm.dll+0x8b83d3]
V  [jvm.dll+0x284596]
V  [jvm.dll+0xc685d]
V  [jvm.dll+0xc6da1]
V  [jvm.dll+0x3bf151]
V  [jvm.dll+0x1e3f42]
V  [jvm.dll+0x24c853]
V  [jvm.dll+0x24bce0]
V  [jvm.dll+0x1cb4ae]
V  [jvm.dll+0x25baad]
V  [jvm.dll+0x25a03a]
V  [jvm.dll+0x3f8aae]
V  [jvm.dll+0x8600cd]
V  [jvm.dll+0x6d6c1d]
C  [ucrtbase.dll+0x21bb2]
C  [KERNEL32.DLL+0x17344]
C  [ntdll.dll+0x526b1]


---------------  P R O C E S S  ---------------

Threads class SMR info:
_java_thread_list=0x000002846f595340, length=21, elements={
0x00000284121a3450, 0x0000028428b86200, 0x0000028428b87a70, 0x0000028428b89600,
0x0000028428b8a520, 0x0000028428b8c850, 0x0000028428b91d30, 0x0000028428b96920,
0x0000028428bbae50, 0x000002846a9aaaf0, 0x000002846abba980, 0x000002846f55a0b0,
0x000002846f722380, 0x000002846f806310, 0x000002846f807020, 0x000002846f9f3e20,
0x000002846ff65080, 0x000002846f1a9b90, 0x000002846f6c4b20, 0x000002846f6c5ed0,
0x000002846f6c5840
}

Java Threads: ( => current thread )
  0x00000284121a3450 JavaThread "main"                              [_thread_blocked, id=8904, stack(0x000000b90fc00000,0x000000b90fd00000) (1024K)]
  0x0000028428b86200 JavaThread "Reference Handler"          daemon [_thread_blocked, id=7908, stack(0x000000b910000000,0x000000b910100000) (1024K)]
  0x0000028428b87a70 JavaThread "Finalizer"                  daemon [_thread_blocked, id=12344, stack(0x000000b910100000,0x000000b910200000) (1024K)]
  0x0000028428b89600 JavaThread "Signal Dispatcher"          daemon [_thread_blocked, id=1676, stack(0x000000b910200000,0x000000b910300000) (1024K)]
  0x0000028428b8a520 JavaThread "Attach Listener"            daemon [_thread_blocked, id=16344, stack(0x000000b910300000,0x000000b910400000) (1024K)]
  0x0000028428b8c850 JavaThread "Service Thread"             daemon [_thread_blocked, id=1248, stack(0x000000b910400000,0x000000b910500000) (1024K)]
  0x0000028428b91d30 JavaThread "Monitor Deflation Thread"   daemon [_thread_blocked, id=4372, stack(0x000000b910500000,0x000000b910600000) (1024K)]
=>0x0000028428b96920 JavaThread "C2 CompilerThread0"         daemon [_thread_in_native, id=11732, stack(0x000000b910600000,0x000000b910700000) (1024K)]
  0x0000028428bbae50 JavaThread "C1 CompilerThread0"         daemon [_thread_in_native, id=10068, stack(0x000000b910700000,0x000000b910800000) (1024K)]
  0x000002846a9aaaf0 JavaThread "Common-Cleaner"             daemon [_thread_blocked, id=15248, stack(0x000000b910800000,0x000000b910900000) (1024K)]
  0x000002846abba980 JavaThread "Notification Thread"        daemon [_thread_blocked, id=12764, stack(0x000000b910b00000,0x000000b910c00000) (1024K)]
  0x000002846f55a0b0 JavaThread "Active Thread: Equinox Container: 9f3e74af-ea71-4c97-a665-6f8c346d6596"        [_thread_blocked, id=4636, stack(0x000000b910f00000,0x000000b911000000) (1024K)]
  0x000002846f722380 JavaThread "Refresh Thread: Equinox Container: 9f3e74af-ea71-4c97-a665-6f8c346d6596" daemon [_thread_blocked, id=7516, stack(0x000000b911000000,0x000000b911100000) (1024K)]
  0x000002846f806310 JavaThread "Framework Event Dispatcher: Equinox Container: 9f3e74af-ea71-4c97-a665-6f8c346d6596" daemon [_thread_in_Java, id=9468, stack(0x000000b911100000,0x000000b911200000) (1024K)]
  0x000002846f807020 JavaThread "Start Level: Equinox Container: 9f3e74af-ea71-4c97-a665-6f8c346d6596" daemon [_thread_in_vm, id=12816, stack(0x000000b911200000,0x000000b911300000) (1024K)]
  0x000002846f9f3e20 JavaThread "Bundle File Closer"         daemon [_thread_blocked, id=12876, stack(0x000000b911300000,0x000000b911400000) (1024K)]
  0x000002846ff65080 JavaThread "SCR Component Actor"        daemon [_thread_blocked, id=14824, stack(0x000000b910a00000,0x000000b910b00000) (1024K)]
  0x000002846f1a9b90 JavaThread "Worker-JM"                         [_thread_blocked, id=13388, stack(0x000000b911500000,0x000000b911600000) (1024K)]
  0x000002846f6c4b20 JavaThread "JNA Cleaner"                daemon [_thread_blocked, id=14716, stack(0x000000b911400000,0x000000b911500000) (1024K)]
  0x000002846f6c5ed0 JavaThread "Worker-0: Checking project encoding"        [_thread_blocked, id=5548, stack(0x000000b911600000,0x000000b911700000) (1024K)]
  0x000002846f6c5840 JavaThread "Worker-1"                          [_thread_blocked, id=10832, stack(0x000000b911700000,0x000000b911800000) (1024K)]
Total: 21

Other Threads:
  0x0000028428b7d870 VMThread "VM Thread"                           [id=9160, stack(0x000000b90ff00000,0x000000b910000000) (1024K)]
  0x000002841220f5e0 WatcherThread "VM Periodic Task Thread"        [id=10760, stack(0x000000b90fe00000,0x000000b90ff00000) (1024K)]
  0x00000284121c13d0 WorkerThread "GC Thread#0"                     [id=7600, stack(0x000000b90fd00000,0x000000b90fe00000) (1024K)]
  0x000002846f5391b0 WorkerThread "GC Thread#1"                     [id=14640, stack(0x000000b910c00000,0x000000b910d00000) (1024K)]
  0x000002846f53a7d0 WorkerThread "GC Thread#2"                     [id=824, stack(0x000000b910d00000,0x000000b910e00000) (1024K)]
  0x000002846f539560 WorkerThread "GC Thread#3"                     [id=5868, stack(0x000000b910e00000,0x000000b910f00000) (1024K)]
Total: 6

Threads with active compile tasks:
C2 CompilerThread0  7171 3089       4       java.lang.invoke.MethodType::makeImpl (109 bytes)
C1 CompilerThread0  7171 3193   !   3       java.lang.ref.ReferenceQueue::poll (40 bytes)
Total: 2

VM state: not at safepoint (normal execution)

VM Mutex/Monitor currently owned by a thread: None

OutOfMemory and StackOverflow Exception counts:
OutOfMemoryError java_heap_errors=1
LinkageErrors=60

Heap address: 0x0000000080000000, size: 2048 MB, Compressed Oops mode: 32-bit

CDS archive(s) mapped at: [0x0000028429000000-0x0000028429ba0000-0x0000028429ba0000), size 12189696, SharedBaseAddress: 0x0000028429000000, ArchiveRelocationMode: 1.
Compressed class space mapped at: 0x000002842a000000-0x000002846a000000, reserved size: 1073741824
Narrow klass base: 0x0000028429000000, Narrow klass shift: 0, Narrow klass range: 0x100000000

GC Precious Log:
 CardTable entry size: 512
 CPUs: 4 total, 4 available
 Memory: 8100M
 Large Page Support: Disabled
 NUMA Support: Disabled
 Compressed Oops: Enabled (32-bit)
 Alignments: Space 512K, Generation 512K, Heap 2M
 Heap Min Capacity: 100M
 Heap Initial Capacity: 100M
 Heap Max Capacity: 2G
 Pre-touch: Disabled
 Parallel Workers: 4

Heap:
 PSYoungGen      total 29184K, used 17695K [0x00000000d5580000, 0x00000000d7900000, 0x0000000100000000)
  eden space 25088K, 54% used [0x00000000d5580000,0x00000000d62cb448,0x00000000d6e00000)
  from space 4096K, 99% used [0x00000000d6e80000,0x00000000d727c878,0x00000000d7280000)
  to   space 5632K, 0% used [0x00000000d7380000,0x00000000d7380000,0x00000000d7900000)
 ParOldGen       total 68608K, used 7928K [0x0000000080000000, 0x0000000084300000, 0x00000000d5580000)
  object space 68608K, 11% used [0x0000000080000000,0x00000000807be258,0x0000000084300000)
 Metaspace       used 17574K, committed 18240K, reserved 1114112K
  class space    used 1857K, committed 2112K, reserved 1048576K

Card table byte_map: [0x0000028411b50000,0x0000028411f60000] _byte_map_base: 0x0000028411750000

Marking Bits: (ParMarkBitMap*) 0x00007ffb2c9444a0
 Begin Bits: [0x0000028424660000, 0x0000028426660000)
 End Bits:   [0x0000028426660000, 0x0000028428660000)

Polling page: 0x000002840ff40000

Metaspace:

Usage:
  Non-class:     15.35 MB used.
      Class:      1.81 MB used.
       Both:     17.16 MB used.

Virtual space:
  Non-class space:       64.00 MB reserved,      15.75 MB ( 25%) committed,  1 nodes.
      Class space:        1.00 GB reserved,       2.06 MB ( <1%) committed,  1 nodes.
             Both:        1.06 GB reserved,      17.81 MB (  2%) committed. 

Chunk freelists:
   Non-Class:  288.00 KB
       Class:  13.76 MB
        Both:  14.04 MB

MaxMetaspaceSize: unlimited
CompressedClassSpaceSize: 1.00 GB
Initial GC threshold: 21.00 MB
Current GC threshold: 21.00 MB
CDS: on
 - commit_granule_bytes: 65536.
 - commit_granule_words: 8192.
 - virtual_space_node_default_size: 8388608.
 - enlarge_chunks_in_place: 1.
 - use_allocation_guard: 0.


Internal statistics:

num_allocs_failed_limit: 0.
num_arena_births: 554.
num_arena_deaths: 0.
num_vsnodes_births: 2.
num_vsnodes_deaths: 0.
num_space_committed: 285.
num_space_uncommitted: 0.
num_chunks_returned_to_freelist: 0.
num_chunks_taken_from_freelist: 1204.
num_chunk_merges: 0.
num_chunk_splits: 751.
num_chunks_enlarged: 478.
num_inconsistent_stats: 0.

CodeHeap 'non-profiled nmethods': size=120000Kb used=1404Kb max_used=1404Kb free=118595Kb
 bounds [0x000002841ce80000, 0x000002841d0f0000, 0x00000284243b0000]
CodeHeap 'profiled nmethods': size=120000Kb used=6351Kb max_used=6351Kb free=113648Kb
 bounds [0x00000284153b0000, 0x00000284159f0000, 0x000002841c8e0000]
CodeHeap 'non-nmethods': size=5760Kb used=1282Kb max_used=1286Kb free=4477Kb
 bounds [0x000002841c8e0000, 0x000002841cb50000, 0x000002841ce80000]
CodeCache: size=245760Kb, used=9037Kb, max_used=9041Kb, free=236720Kb
 total_blobs=3749, nmethods=3190, adapters=465, full_count=0
Compilation: enabled, stopped_count=0, restarted_count=0

Compilation events (20 events):
Event: 7.057 Thread 0x0000028428bbae50 3163       3       java.lang.invoke.InvokerBytecodeGenerator::generateCustomizedCode (34 bytes)
Event: 7.058 Thread 0x0000028428bbae50 nmethod 3163 0x00000284159d6190 code [0x00000284159d6380, 0x00000284159d6640]
Event: 7.058 Thread 0x0000028428bbae50 3164       3       java.lang.invoke.LambdaFormBuffer::insertName (106 bytes)
Event: 7.058 Thread 0x0000028428bbae50 nmethod 3164 0x00000284159d6790 code [0x00000284159d6960, 0x00000284159d6b88]
Event: 7.061 Thread 0x0000028428bbae50 3167       3       jdk.internal.org.objectweb.asm.Type::getSort (19 bytes)
Event: 7.061 Thread 0x0000028428bbae50 nmethod 3167 0x00000284159d6c90 code [0x00000284159d6e20, 0x00000284159d6f70]
Event: 7.061 Thread 0x0000028428bbae50 3168       3       jdk.internal.org.objectweb.asm.FieldWriter::computeFieldInfoSize (86 bytes)
Event: 7.062 Thread 0x0000028428bbae50 nmethod 3168 0x00000284159d7010 code [0x00000284159d7200, 0x00000284159d74e0]
Event: 7.062 Thread 0x0000028428bbae50 3169       3       jdk.internal.org.objectweb.asm.FieldWriter::putFieldInfo (269 bytes)
Event: 7.063 Thread 0x0000028428bbae50 nmethod 3169 0x00000284159d7610 code [0x00000284159d78a0, 0x00000284159d8190]
Event: 7.063 Thread 0x0000028428bbae50 3170       3       jdk.internal.org.objectweb.asm.SymbolTable::putBootstrapMethods (56 bytes)
Event: 7.064 Thread 0x0000028428bbae50 nmethod 3170 0x00000284159d8510 code [0x00000284159d8720, 0x00000284159d8a40]
Event: 7.064 Thread 0x0000028428bbae50 3171       3       jdk.internal.org.objectweb.asm.SymbolTable::addConstant (330 bytes)
Event: 7.067 Thread 0x0000028428bbae50 nmethod 3171 0x00000284159d8c10 code [0x00000284159d9180, 0x00000284159dc170]
Event: 7.068 Thread 0x0000028428bbae50 3172       3       jdk.internal.org.objectweb.asm.FieldWriter::visitEnd (1 bytes)
Event: 7.068 Thread 0x0000028428bbae50 nmethod 3172 0x00000284159dcb90 code [0x00000284159dcd20, 0x00000284159dce28]
Event: 7.069 Thread 0x0000028428bbae50 3175       3       jdk.internal.org.objectweb.asm.Type::getType (10 bytes)
Event: 7.070 Thread 0x0000028428bbae50 nmethod 3175 0x00000284159dce90 code [0x00000284159dd060, 0x00000284159dd290]
Event: 7.083 Thread 0x0000028428bbae50 3178       3       org.objectweb.asm.ClassReader::readUnsignedShort (26 bytes)
Event: 7.083 Thread 0x0000028428bbae50 nmethod 3178 0x00000284159dd410 code [0x00000284159dd5c0, 0x00000284159dd730]

GC Heap History (10 events):
Event: 1.264 GC heap before
{Heap before GC invocations=1 (full 0):
 PSYoungGen      total 29696K, used 25600K [0x00000000d5580000, 0x00000000d7680000, 0x0000000100000000)
  eden space 25600K, 100% used [0x00000000d5580000,0x00000000d6e80000,0x00000000d6e80000)
  from space 4096K, 0% used [0x00000000d7280000,0x00000000d7280000,0x00000000d7680000)
  to   space 4096K, 0% used [0x00000000d6e80000,0x00000000d6e80000,0x00000000d7280000)
 ParOldGen       total 68608K, used 0K [0x0000000080000000, 0x0000000084300000, 0x00000000d5580000)
  object space 68608K, 0% used [0x0000000080000000,0x0000000080000000,0x0000000084300000)
 Metaspace       used 4302K, committed 4544K, reserved 1114112K
  class space    used 473K, committed 576K, reserved 1048576K
}
Event: 1.275 GC heap after
{Heap after GC invocations=1 (full 0):
 PSYoungGen      total 29696K, used 3280K [0x00000000d5580000, 0x00000000d7680000, 0x0000000100000000)
  eden space 25600K, 0% used [0x00000000d5580000,0x00000000d5580000,0x00000000d6e80000)
  from space 4096K, 80% used [0x00000000d6e80000,0x00000000d71b4148,0x00000000d7280000)
  to   space 4096K, 0% used [0x00000000d7280000,0x00000000d7280000,0x00000000d7680000)
 ParOldGen       total 68608K, used 16K [0x0000000080000000, 0x0000000084300000, 0x00000000d5580000)
  object space 68608K, 0% used [0x0000000080000000,0x0000000080004000,0x0000000084300000)
 Metaspace       used 4302K, committed 4544K, reserved 1114112K
  class space    used 473K, committed 576K, reserved 1048576K
}
Event: 2.438 GC heap before
{Heap before GC invocations=2 (full 0):
 PSYoungGen      total 29696K, used 28880K [0x00000000d5580000, 0x00000000d7680000, 0x0000000100000000)
  eden space 25600K, 100% used [0x00000000d5580000,0x00000000d6e80000,0x00000000d6e80000)
  from space 4096K, 80% used [0x00000000d6e80000,0x00000000d71b4148,0x00000000d7280000)
  to   space 4096K, 0% used [0x00000000d7280000,0x00000000d7280000,0x00000000d7680000)
 ParOldGen       total 68608K, used 16K [0x0000000080000000, 0x0000000084300000, 0x00000000d5580000)
  object space 68608K, 0% used [0x0000000080000000,0x0000000080004000,0x0000000084300000)
 Metaspace       used 8017K, committed 8320K, reserved 1114112K
  class space    used 833K, committed 960K, reserved 1048576K
}
Event: 2.446 GC heap after
{Heap after GC invocations=2 (full 0):
 PSYoungGen      total 29696K, used 4070K [0x00000000d5580000, 0x00000000d7680000, 0x0000000100000000)
  eden space 25600K, 0% used [0x00000000d5580000,0x00000000d5580000,0x00000000d6e80000)
  from space 4096K, 99% used [0x00000000d7280000,0x00000000d7679800,0x00000000d7680000)
  to   space 4096K, 0% used [0x00000000d6e80000,0x00000000d6e80000,0x00000000d7280000)
 ParOldGen       total 68608K, used 2021K [0x0000000080000000, 0x0000000084300000, 0x00000000d5580000)
  object space 68608K, 2% used [0x0000000080000000,0x00000000801f96b8,0x0000000084300000)
 Metaspace       used 8017K, committed 8320K, reserved 1114112K
  class space    used 833K, committed 960K, reserved 1048576K
}
Event: 3.085 GC heap before
{Heap before GC invocations=3 (full 0):
 PSYoungGen      total 29696K, used 29670K [0x00000000d5580000, 0x00000000d7680000, 0x0000000100000000)
  eden space 25600K, 100% used [0x00000000d5580000,0x00000000d6e80000,0x00000000d6e80000)
  from space 4096K, 99% used [0x00000000d7280000,0x00000000d7679800,0x00000000d7680000)
  to   space 4096K, 0% used [0x00000000d6e80000,0x00000000d6e80000,0x00000000d7280000)
 ParOldGen       total 68608K, used 2021K [0x0000000080000000, 0x0000000084300000, 0x00000000d5580000)
  object space 68608K, 2% used [0x0000000080000000,0x00000000801f96b8,0x0000000084300000)
 Metaspace       used 9490K, committed 9792K, reserved 1114112K
  class space    used 1011K, committed 1152K, reserved 1048576K
}
Event: 3.100 GC heap after
{Heap after GC invocations=3 (full 0):
 PSYoungGen      total 29696K, used 4066K [0x00000000d5580000, 0x00000000d7680000, 0x0000000100000000)
  eden space 25600K, 0% used [0x00000000d5580000,0x00000000d5580000,0x00000000d6e80000)
  from space 4096K, 99% used [0x00000000d6e80000,0x00000000d7278b08,0x00000000d7280000)
  to   space 4096K, 0% used [0x00000000d7280000,0x00000000d7280000,0x00000000d7680000)
 ParOldGen       total 68608K, used 4799K [0x0000000080000000, 0x0000000084300000, 0x00000000d5580000)
  object space 68608K, 6% used [0x0000000080000000,0x00000000804afd38,0x0000000084300000)
 Metaspace       used 9490K, committed 9792K, reserved 1114112K
  class space    used 1011K, committed 1152K, reserved 1048576K
}
Event: 5.487 GC heap before
{Heap before GC invocations=4 (full 0):
 PSYoungGen      total 29696K, used 29666K [0x00000000d5580000, 0x00000000d7680000, 0x0000000100000000)
  eden space 25600K, 100% used [0x00000000d5580000,0x00000000d6e80000,0x00000000d6e80000)
  from space 4096K, 99% used [0x00000000d6e80000,0x00000000d7278b08,0x00000000d7280000)
  to   space 4096K, 0% used [0x00000000d7280000,0x00000000d7280000,0x00000000d7680000)
 ParOldGen       total 68608K, used 4799K [0x0000000080000000, 0x0000000084300000, 0x00000000d5580000)
  object space 68608K, 6% used [0x0000000080000000,0x00000000804afd38,0x0000000084300000)
 Metaspace       used 11609K, committed 12032K, reserved 1114112K
  class space    used 1226K, committed 1408K, reserved 1048576K
}
Event: 5.494 GC heap after
{Heap after GC invocations=4 (full 0):
 PSYoungGen      total 29696K, used 4081K [0x00000000d5580000, 0x00000000d7680000, 0x0000000100000000)
  eden space 25600K, 0% used [0x00000000d5580000,0x00000000d5580000,0x00000000d6e80000)
  from space 4096K, 99% used [0x00000000d7280000,0x00000000d767c498,0x00000000d7680000)
  to   space 4096K, 0% used [0x00000000d6e80000,0x00000000d6e80000,0x00000000d7280000)
 ParOldGen       total 68608K, used 6787K [0x0000000080000000, 0x0000000084300000, 0x00000000d5580000)
  object space 68608K, 9% used [0x0000000080000000,0x00000000806a0f48,0x0000000084300000)
 Metaspace       used 11609K, committed 12032K, reserved 1114112K
  class space    used 1226K, committed 1408K, reserved 1048576K
}
Event: 6.524 GC heap before
{Heap before GC invocations=5 (full 0):
 PSYoungGen      total 29696K, used 29681K [0x00000000d5580000, 0x00000000d7680000, 0x0000000100000000)
  eden space 25600K, 100% used [0x00000000d5580000,0x00000000d6e80000,0x00000000d6e80000)
  from space 4096K, 99% used [0x00000000d7280000,0x00000000d767c498,0x00000000d7680000)
  to   space 4096K, 0% used [0x00000000d6e80000,0x00000000d6e80000,0x00000000d7280000)
 ParOldGen       total 68608K, used 6787K [0x0000000080000000, 0x0000000084300000, 0x00000000d5580000)
  object space 68608K, 9% used [0x0000000080000000,0x00000000806a0f48,0x0000000084300000)
 Metaspace       used 15561K, committed 16128K, reserved 1114112K
  class space    used 1615K, committed 1856K, reserved 1048576K
}
Event: 6.534 GC heap after
{Heap after GC invocations=5 (full 0):
 PSYoungGen      total 29184K, used 4082K [0x00000000d5580000, 0x00000000d7900000, 0x0000000100000000)
  eden space 25088K, 0% used [0x00000000d5580000,0x00000000d5580000,0x00000000d6e00000)
  from space 4096K, 99% used [0x00000000d6e80000,0x00000000d727c878,0x00000000d7280000)
  to   space 5632K, 0% used [0x00000000d7380000,0x00000000d7380000,0x00000000d7900000)
 ParOldGen       total 68608K, used 7928K [0x0000000080000000, 0x0000000084300000, 0x00000000d5580000)
  object space 68608K, 11% used [0x0000000080000000,0x00000000807be258,0x0000000084300000)
 Metaspace       used 15561K, committed 16128K, reserved 1114112K
  class space    used 1615K, committed 1856K, reserved 1048576K
}

Dll operation events (20 events):
Event: 0.011 Attempting to load shared library c:\Users\RosmaGUz\.vscode\extensions\redhat.java-1.56.0-win32-x64\jre\21.0.12.1-win32-x86_64\bin\java.dll
Event: 0.011 Loaded shared library c:\Users\RosmaGUz\.vscode\extensions\redhat.java-1.56.0-win32-x64\jre\21.0.12.1-win32-x86_64\bin\java.dll
Event: 0.124 Attempting to load shared library c:\Users\RosmaGUz\.vscode\extensions\redhat.java-1.56.0-win32-x64\jre\21.0.12.1-win32-x86_64\bin\zip.dll
Event: 0.125 Loaded shared library c:\Users\RosmaGUz\.vscode\extensions\redhat.java-1.56.0-win32-x64\jre\21.0.12.1-win32-x86_64\bin\zip.dll
Event: 0.159 Attempting to load shared library C:\Users\RosmaGUz\.vscode\extensions\redhat.java-1.56.0-win32-x64\jre\21.0.12.1-win32-x86_64\bin\instrument.dll
Event: 0.159 Loaded shared library C:\Users\RosmaGUz\.vscode\extensions\redhat.java-1.56.0-win32-x64\jre\21.0.12.1-win32-x86_64\bin\instrument.dll
Event: 0.165 Attempting to load shared library C:\Users\RosmaGUz\.vscode\extensions\redhat.java-1.56.0-win32-x64\jre\21.0.12.1-win32-x86_64\bin\net.dll
Event: 0.166 Loaded shared library C:\Users\RosmaGUz\.vscode\extensions\redhat.java-1.56.0-win32-x64\jre\21.0.12.1-win32-x86_64\bin\net.dll
Event: 0.168 Attempting to load shared library C:\Users\RosmaGUz\.vscode\extensions\redhat.java-1.56.0-win32-x64\jre\21.0.12.1-win32-x86_64\bin\nio.dll
Event: 0.168 Loaded shared library C:\Users\RosmaGUz\.vscode\extensions\redhat.java-1.56.0-win32-x64\jre\21.0.12.1-win32-x86_64\bin\nio.dll
Event: 0.171 Attempting to load shared library C:\Users\RosmaGUz\.vscode\extensions\redhat.java-1.56.0-win32-x64\jre\21.0.12.1-win32-x86_64\bin\zip.dll
Event: 0.171 Loaded shared library C:\Users\RosmaGUz\.vscode\extensions\redhat.java-1.56.0-win32-x64\jre\21.0.12.1-win32-x86_64\bin\zip.dll
Event: 0.198 Attempting to load shared library C:\Users\RosmaGUz\.vscode\extensions\redhat.java-1.56.0-win32-x64\jre\21.0.12.1-win32-x86_64\bin\jimage.dll
Event: 0.198 Loaded shared library C:\Users\RosmaGUz\.vscode\extensions\redhat.java-1.56.0-win32-x64\jre\21.0.12.1-win32-x86_64\bin\jimage.dll
Event: 0.302 Attempting to load shared library c:\Users\RosmaGUz\.vscode\extensions\redhat.java-1.56.0-win32-x64\jre\21.0.12.1-win32-x86_64\bin\verify.dll
Event: 0.302 Loaded shared library c:\Users\RosmaGUz\.vscode\extensions\redhat.java-1.56.0-win32-x64\jre\21.0.12.1-win32-x86_64\bin\verify.dll
Event: 2.486 Attempting to load shared library C:\Users\RosmaGUz\AppData\Roaming\Code\User\globalStorage\redhat.java\1.56.0\config_win\org.eclipse.equinox.launcher\org.eclipse.equinox.launcher.win32.win32.x86_64_1.3.100.v20260804-1928\eclipse_11924.dll
Event: 2.487 Loaded shared library C:\Users\RosmaGUz\AppData\Roaming\Code\User\globalStorage\redhat.java\1.56.0\config_win\org.eclipse.equinox.launcher\org.eclipse.equinox.launcher.win32.win32.x86_64_1.3.100.v20260804-1928\eclipse_11924.dll
Event: 6.736 Attempting to load shared library C:\Users\RosmaGUz\AppData\Local\Temp\jna-6197058\jna9214993776192733676.dll
Event: 6.759 Loaded shared library C:\Users\RosmaGUz\AppData\Local\Temp\jna-6197058\jna9214993776192733676.dll

Deoptimization events (20 events):
Event: 6.645 Thread 0x000002846f807020 Uncommon trap: trap_request=0xffffff45 fr.pc=0x000002841cf03f3c relative=0x00000000000005fc
Event: 6.645 Thread 0x000002846f807020 Uncommon trap: reason=unstable_if action=reinterpret pc=0x000002841cf03f3c method=java.io.BufferedInputStream.implRead([BII)I @ 55 c2
Event: 6.645 Thread 0x000002846f807020 DEOPT PACKING pc=0x000002841cf03f3c sp=0x000000b9112f9220
Event: 6.645 Thread 0x000002846f807020 DEOPT UNPACKING pc=0x000002841c933aa2 sp=0x000000b9112f91f8 mode 2
Event: 6.677 Thread 0x000002846f807020 Uncommon trap: trap_request=0xffffff45 fr.pc=0x000002841ceb9108 relative=0x00000000000006e8
Event: 6.677 Thread 0x000002846f807020 Uncommon trap: reason=unstable_if action=reinterpret pc=0x000002841ceb9108 method=java.lang.String.replace(Ljava/lang/CharSequence;Ljava/lang/CharSequence;)Ljava/lang/String; @ 42 c2
Event: 6.677 Thread 0x000002846f807020 DEOPT PACKING pc=0x000002841ceb9108 sp=0x000000b9112f7a60
Event: 6.677 Thread 0x000002846f807020 DEOPT UNPACKING pc=0x000002841c933aa2 sp=0x000000b9112f79e0 mode 2
Event: 6.899 Thread 0x000002846f807020 Uncommon trap: trap_request=0xffffff45 fr.pc=0x000002841cfc8c28 relative=0x0000000000000088
Event: 6.899 Thread 0x000002846f807020 Uncommon trap: reason=unstable_if action=reinterpret pc=0x000002841cfc8c28 method=java.lang.ref.SoftReference.get()Ljava/lang/Object; @ 6 c2
Event: 6.899 Thread 0x000002846f807020 DEOPT PACKING pc=0x000002841cfc8c28 sp=0x000000b9112f99a0
Event: 6.899 Thread 0x000002846f807020 DEOPT UNPACKING pc=0x000002841c933aa2 sp=0x000000b9112f9938 mode 2
Event: 6.942 Thread 0x000002846f6c5ed0 Uncommon trap: trap_request=0xffffff45 fr.pc=0x000002841cf7ef60 relative=0x00000000000000c0
Event: 6.942 Thread 0x000002846f6c5ed0 Uncommon trap: reason=unstable_if action=reinterpret pc=0x000002841cf7ef60 method=java.util.concurrent.locks.ReentrantLock$NonfairSync.initialTryLock()Z @ 25 c2
Event: 6.942 Thread 0x000002846f6c5ed0 DEOPT PACKING pc=0x000002841cf7ef60 sp=0x000000b9116fdef0
Event: 6.942 Thread 0x000002846f6c5ed0 DEOPT UNPACKING pc=0x000002841c933aa2 sp=0x000000b9116fde78 mode 2
Event: 7.071 Thread 0x000002846f807020 Uncommon trap: trap_request=0xffffff45 fr.pc=0x000002841cfa2c94 relative=0x0000000000000074
Event: 7.071 Thread 0x000002846f807020 Uncommon trap: reason=unstable_if action=reinterpret pc=0x000002841cfa2c94 method=java.lang.ref.ReferenceQueue.poll()Ljava/lang/ref/Reference; @ 4 c2
Event: 7.072 Thread 0x000002846f807020 DEOPT PACKING pc=0x000002841cfa2c94 sp=0x000000b9112f3340
Event: 7.072 Thread 0x000002846f807020 DEOPT UNPACKING pc=0x000002841c933aa2 sp=0x000000b9112f32c8 mode 2

Classes loaded (20 events):
Event: 6.806 Loading class java/io/PrintWriter
Event: 6.806 Loading class java/io/PrintWriter done
Event: 6.818 Loading class java/util/stream/SliceOps
Event: 6.819 Loading class java/util/stream/SliceOps done
Event: 6.819 Loading class java/util/stream/SliceOps$1
Event: 6.819 Loading class java/util/stream/SliceOps$1 done
Event: 6.819 Loading class java/util/stream/SliceOps$1$1
Event: 6.819 Loading class java/util/stream/SliceOps$1$1 done
Event: 6.828 Loading class jdk/internal/reflect/MethodHandleShortFieldAccessorImpl
Event: 6.828 Loading class jdk/internal/reflect/MethodHandleShortFieldAccessorImpl done
Event: 6.828 Loading class java/lang/Short$ShortCache
Event: 6.828 Loading class java/lang/Short$ShortCache done
Event: 6.877 Loading class java/util/function/LongUnaryOperator
Event: 6.877 Loading class java/util/function/LongUnaryOperator done
Event: 6.877 Loading class java/lang/ThreadDeath
Event: 6.878 Loading class java/lang/ThreadDeath done
Event: 6.916 Loading class java/util/stream/SortedOps$SizedRefSortingSink
Event: 6.916 Loading class java/util/stream/SortedOps$SizedRefSortingSink done
Event: 6.995 Loading class java/util/concurrent/atomic/Striped64$1
Event: 6.995 Loading class java/util/concurrent/atomic/Striped64$1 done

Classes unloaded (0 events):
No events

Classes redefined (0 events):
No events

Internal exceptions (20 events):
Event: 6.683 Thread 0x000002846f807020 Exception <a 'java/lang/NoSuchMethodError'{0x00000000d5a075f8}: 'java.lang.Object java.lang.invoke.DirectMethodHandle$Holder.invokeStaticInit(java.lang.Object, int, int, int, int)'> (0x00000000d5a075f8) 
thrown [s\src\hotspot\share\interpreter\linkResolver.cpp, line 773]
Event: 6.723 Thread 0x000002846f807020 Exception <a 'java/lang/NoSuchMethodError'{0x00000000d5abc078}: 'java.lang.Object java.lang.invoke.DirectMethodHandle$Holder.invokeStaticInit(java.lang.Object, java.lang.Object, int, int, int, int)'> (0x00000000d5abc078) 
thrown [s\src\hotspot\share\interpreter\linkResolver.cpp, line 773]
Event: 6.791 Thread 0x000002846f807020 Exception <a 'java/lang/NoSuchMethodError'{0x00000000d5be2038}: 'void java.lang.invoke.DirectMethodHandle$Holder.invokeSpecial(java.lang.Object, java.lang.Object, java.lang.Object, int)'> (0x00000000d5be2038) 
thrown [s\src\hotspot\share\interpreter\linkResolver.cpp, line 773]
Event: 6.791 Thread 0x000002846f807020 Exception <a 'java/lang/NoSuchMethodError'{0x00000000d5be59c8}: 'void java.lang.invoke.DelegatingMethodHandle$Holder.reinvoke_L(java.lang.Object, java.lang.Object, int)'> (0x00000000d5be59c8) 
thrown [s\src\hotspot\share\interpreter\linkResolver.cpp, line 773]
Event: 6.792 Thread 0x000002846f807020 Exception <a 'java/lang/NoSuchMethodError'{0x00000000d5bec6b0}: 'int java.lang.invoke.Invokers$Holder.invokeExact_MT(java.lang.Object, java.lang.Object, java.lang.Object)'> (0x00000000d5bec6b0) 
thrown [s\src\hotspot\share\interpreter\linkResolver.cpp, line 773]
Event: 6.813 Thread 0x000002846f807020 Exception <a 'java/lang/NoSuchMethodError'{0x00000000d5cbc510}: method resolution failed> (0x00000000d5cbc510) 
thrown [s\src\hotspot\share\prims\methodHandles.cpp, line 1136]
Event: 6.834 Thread 0x000002846f807020 Exception <a 'java/lang/NoSuchMethodError'{0x00000000d5d2de10}: 'void java.lang.invoke.Invokers$Holder.invokeExact_MT(java.lang.Object, java.lang.Object, int, java.lang.Object)'> (0x00000000d5d2de10) 
thrown [s\src\hotspot\share\interpreter\linkResolver.cpp, line 773]
Event: 6.874 Thread 0x000002846f807020 Exception <a 'java/lang/NoSuchMethodError'{0x00000000d5e390b8}: 'java.lang.Object java.lang.invoke.DirectMethodHandle$Holder.invokeSpecial(java.lang.Object, java.lang.Object, java.lang.Object, long, java.lang.Object)'> (0x00000000d5e390b8) 
thrown [s\src\hotspot\share\interpreter\linkResolver.cpp, line 773]
Event: 6.875 Thread 0x000002846f807020 Exception <a 'java/lang/NoSuchMethodError'{0x00000000d5e40900}: 'java.lang.Object java.lang.invoke.DirectMethodHandle$Holder.newInvokeSpecial(java.lang.Object, java.lang.Object, java.lang.Object, long)'> (0x00000000d5e40900) 
thrown [s\src\hotspot\share\interpreter\linkResolver.cpp, line 773]
Event: 6.876 Thread 0x000002846f807020 Exception <a 'java/lang/NoSuchMethodError'{0x00000000d5e44bf0}: 'java.lang.Object java.lang.invoke.DirectMethodHandle$Holder.invokeSpecial(java.lang.Object, java.lang.Object, java.lang.Object, java.lang.Object, long)'> (0x00000000d5e44bf0) 
thrown [s\src\hotspot\share\interpreter\linkResolver.cpp, line 773]
Event: 6.876 Thread 0x000002846f807020 Exception <a 'java/lang/NoSuchMethodError'{0x00000000d5e48810}: 'java.lang.Object java.lang.invoke.Invokers$Holder.linkToTargetMethod(java.lang.Object, java.lang.Object, long, java.lang.Object)'> (0x00000000d5e48810) 
thrown [s\src\hotspot\share\interpreter\linkResolver.cpp, line 773]
Event: 6.900 Thread 0x000002846f807020 Exception <a 'java/lang/NoSuchMethodError'{0x00000000d5ea9838}: 'int java.lang.invoke.DirectMethodHandle$Holder.invokeStaticInit(java.lang.Object, java.lang.Object, java.lang.Object)'> (0x00000000d5ea9838) 
thrown [s\src\hotspot\share\interpreter\linkResolver.cpp, line 773]
Event: 6.932 Thread 0x000002846f807020 Exception <a 'java/lang/IncompatibleClassChangeError'{0x00000000d5f71348}: Found class java.lang.Object, but interface was expected> (0x00000000d5f71348) 
thrown [s\src\hotspot\share\interpreter\linkResolver.cpp, line 840]
Event: 6.935 Thread 0x000002846f807020 Exception <a 'java/lang/NoSuchMethodError'{0x00000000d5f80cc0}: 'java.lang.Object java.lang.invoke.DirectMethodHandle$Holder.invokeSpecial(java.lang.Object, java.lang.Object, java.lang.Object, int, java.lang.Object, java.lang.Object)'> (0x00000000d5f80cc0) 
thrown [s\src\hotspot\share\interpreter\linkResolver.cpp, line 773]
Event: 6.936 Thread 0x000002846f807020 Exception <a 'java/lang/NoSuchMethodError'{0x00000000d5f88618}: 'java.lang.Object java.lang.invoke.DirectMethodHandle$Holder.newInvokeSpecial(java.lang.Object, java.lang.Object, java.lang.Object, int, java.lang.Object)'> (0x00000000d5f88618) 
thrown [s\src\hotspot\share\interpreter\linkResolver.cpp, line 773]
Event: 6.937 Thread 0x000002846f807020 Exception <a 'java/lang/NoSuchMethodError'{0x00000000d5f8c598}: 'java.lang.Object java.lang.invoke.DirectMethodHandle$Holder.invokeSpecial(java.lang.Object, java.lang.Object, java.lang.Object, java.lang.Object, int, java.lang.Object)'> (0x00000000d5f8c598) 
thrown [s\src\hotspot\share\interpreter\linkResolver.cpp, line 773]
Event: 6.937 Thread 0x000002846f807020 Exception <a 'java/lang/NoSuchMethodError'{0x00000000d5f900d8}: 'java.lang.Object java.lang.invoke.Invokers$Holder.linkToTargetMethod(java.lang.Object, java.lang.Object, int, java.lang.Object, java.lang.Object)'> (0x00000000d5f900d8) 
thrown [s\src\hotspot\share\interpreter\linkResolver.cpp, line 773]
Event: 6.938 Thread 0x000002846f6c5ed0 Exception <a 'java/lang/NoSuchMethodError'{0x00000000d5eb5d60}: 'java.lang.Object java.lang.invoke.DirectMethodHandle$Holder.invokeSpecial(java.lang.Object, java.lang.Object, int, java.lang.Object, java.lang.Object)'> (0x00000000d5eb5d60) 
thrown [s\src\hotspot\share\interpreter\linkResolver.cpp, line 773]
Event: 6.999 Thread 0x000002846f807020 Exception <a 'java/lang/NoSuchMethodError'{0x00000000d6098cd0}: 'void java.lang.invoke.DirectMethodHandle$Holder.invokeSpecial(java.lang.Object, java.lang.Object, java.lang.Object, java.lang.Object, java.lang.Object)'> (0x00000000d6098cd0) 
thrown [s\src\hotspot\share\interpreter\linkResolver.cpp, line 773]
Event: 7.127 Thread 0x000002846f807020 Exception <a 'java/lang/OutOfMemoryError'{0x00000000d61ca2b8}> (0x00000000d61ca2b8) 
thrown [s\src\hotspot\share\prims\jni.cpp, line 539]

ZGC Phase Switch (0 events):
No events

VM Operations (20 events):
Event: 3.185 Executing non-safepoint VM operation: HandshakeAllThreads (Deoptimize)
Event: 3.185 Executing non-safepoint VM operation: HandshakeAllThreads (Deoptimize) done
Event: 4.194 Executing safepoint VM operation: Cleanup
Event: 4.194 Executing safepoint VM operation: Cleanup done
Event: 5.200 Executing safepoint VM operation: Cleanup
Event: 5.200 Executing safepoint VM operation: Cleanup done
Event: 5.471 Executing non-safepoint VM operation: HandshakeAllThreads (Deoptimize)
Event: 5.471 Executing non-safepoint VM operation: HandshakeAllThreads (Deoptimize) done
Event: 5.487 Executing safepoint VM operation: ParallelGCFailedAllocation (Allocation Failure)
Event: 5.494 Executing safepoint VM operation: ParallelGCFailedAllocation (Allocation Failure) done
Event: 6.247 Executing safepoint VM operation: ICBufferFull
Event: 6.247 Executing safepoint VM operation: ICBufferFull done
Event: 6.431 Executing non-safepoint VM operation: HandshakeAllThreads (Deoptimize)
Event: 6.431 Executing non-safepoint VM operation: HandshakeAllThreads (Deoptimize) done
Event: 6.524 Executing safepoint VM operation: ParallelGCFailedAllocation (Allocation Failure)
Event: 6.535 Executing safepoint VM operation: ParallelGCFailedAllocation (Allocation Failure) done
Event: 6.720 Executing non-safepoint VM operation: HandshakeAllThreads (Deoptimize)
Event: 6.720 Executing non-safepoint VM operation: HandshakeAllThreads (Deoptimize) done
Event: 6.772 Executing non-safepoint VM operation: HandshakeAllThreads (Deoptimize)
Event: 6.773 Executing non-safepoint VM operation: HandshakeAllThreads (Deoptimize) done

Memory protections (0 events):
No events

Nmethod flushes (0 events):
No events

Events (20 events):
Event: 0.061 Thread 0x00000284121a3450 Thread added: 0x0000028428b96920
Event: 0.062 Thread 0x00000284121a3450 Thread added: 0x0000028428bbae50
Event: 0.162 Thread 0x00000284121a3450 Thread added: 0x000002846a9aaaf0
Event: 0.297 Thread 0x0000028428bbae50 Thread added: 0x000002846ab11670
Event: 0.420 Thread 0x00000284121a3450 Thread added: 0x000002846abba980
Event: 1.339 Thread 0x000002846ab11670 Thread exited: 0x000002846ab11670
Event: 1.613 Thread 0x0000028428bbae50 Thread added: 0x000002846f4725c0
Event: 2.128 Thread 0x00000284121a3450 Thread added: 0x000002846f55a0b0
Event: 2.483 Thread 0x00000284121a3450 Thread added: 0x000002846f722380
Event: 2.555 Thread 0x000002846f722380 Thread added: 0x000002846f806310
Event: 2.562 Thread 0x00000284121a3450 Thread added: 0x000002846f807020
Event: 3.167 Thread 0x000002846f807020 Thread added: 0x000002846f9f3e20
Event: 3.502 Thread 0x000002846f4725c0 Thread exited: 0x000002846f4725c0
Event: 5.262 Thread 0x000002846f807020 Thread added: 0x000002846ff65080
Event: 5.573 Thread 0x0000028428b96920 Thread added: 0x000002846fb9f6c0
Event: 6.060 Thread 0x000002846f807020 Thread added: 0x000002846f1a9b90
Event: 6.635 Thread 0x000002846fb9f6c0 Thread exited: 0x000002846fb9f6c0
Event: 6.801 Thread 0x000002846f807020 Thread added: 0x000002846f6c4b20
Event: 6.880 Thread 0x000002846f807020 Thread added: 0x000002846f6c5ed0
Event: 6.939 Thread 0x000002846f807020 Thread added: 0x000002846f6c5840


Dynamic libraries:
0x00007ff7f7960000 - 0x00007ff7f796e000 	c:\Users\RosmaGUz\.vscode\extensions\redhat.java-1.56.0-win32-x64\jre\21.0.12.1-win32-x86_64\bin\java.exe
0x00007ffb989b0000 - 0x00007ffb98ba8000 	C:\Windows\SYSTEM32\ntdll.dll
0x00007ffb96b10000 - 0x00007ffb96bcd000 	C:\Windows\System32\KERNEL32.DLL
0x00007ffb96290000 - 0x00007ffb96586000 	C:\Windows\System32\KERNELBASE.dll
0x00007ffb96890000 - 0x00007ffb96990000 	C:\Windows\System32\ucrtbase.dll
0x00007ffb8f320000 - 0x00007ffb8f338000 	c:\Users\RosmaGUz\.vscode\extensions\redhat.java-1.56.0-win32-x64\jre\21.0.12.1-win32-x86_64\bin\jli.dll
0x00007ffb98810000 - 0x00007ffb989ae000 	C:\Windows\System32\USER32.dll
0x00007ffb965e0000 - 0x00007ffb96602000 	C:\Windows\System32\win32u.dll
0x00007ffb975d0000 - 0x00007ffb975fb000 	C:\Windows\System32\GDI32.dll
0x00007ffb96610000 - 0x00007ffb96727000 	C:\Windows\System32\gdi32full.dll
0x00007ffb96990000 - 0x00007ffb96a2d000 	C:\Windows\System32\msvcp_win.dll
0x00007ffb8e040000 - 0x00007ffb8e05e000 	c:\Users\RosmaGUz\.vscode\extensions\redhat.java-1.56.0-win32-x64\jre\21.0.12.1-win32-x86_64\bin\VCRUNTIME140.dll
0x00007ffb78700000 - 0x00007ffb7899a000 	C:\Windows\WinSxS\amd64_microsoft.windows.common-controls_6595b64144ccf1df_6.0.19041.3636_none_60b6a03d71f818d5\COMCTL32.dll
0x00007ffb96d20000 - 0x00007ffb96dbe000 	C:\Windows\System32\msvcrt.dll
0x00007ffb985e0000 - 0x00007ffb98612000 	C:\Windows\System32\IMM32.DLL
0x00007ffb8f3f0000 - 0x00007ffb8f3fc000 	c:\Users\RosmaGUz\.vscode\extensions\redhat.java-1.56.0-win32-x64\jre\21.0.12.1-win32-x86_64\bin\vcruntime140_1.dll
0x00007ffb67f20000 - 0x00007ffb67fad000 	c:\Users\RosmaGUz\.vscode\extensions\redhat.java-1.56.0-win32-x64\jre\21.0.12.1-win32-x86_64\bin\msvcp140.dll
0x00007ffb2bc80000 - 0x00007ffb2ca22000 	c:\Users\RosmaGUz\.vscode\extensions\redhat.java-1.56.0-win32-x64\jre\21.0.12.1-win32-x86_64\bin\server\jvm.dll
0x00007ffb96dc0000 - 0x00007ffb96e73000 	C:\Windows\System32\ADVAPI32.dll
0x00007ffb96bd0000 - 0x00007ffb96c6f000 	C:\Windows\System32\sechost.dll
0x00007ffb98260000 - 0x00007ffb98386000 	C:\Windows\System32\RPCRT4.dll
0x00007ffb96260000 - 0x00007ffb96287000 	C:\Windows\System32\bcrypt.dll
0x00007ffb98390000 - 0x00007ffb983fb000 	C:\Windows\System32\WS2_32.dll
0x00007ffb95f10000 - 0x00007ffb95f5b000 	C:\Windows\SYSTEM32\POWRPROF.dll
0x00007ffb6cce0000 - 0x00007ffb6cd07000 	C:\Windows\SYSTEM32\WINMM.dll
0x00007ffb8d070000 - 0x00007ffb8d07a000 	C:\Windows\SYSTEM32\VERSION.dll
0x00007ffb95ef0000 - 0x00007ffb95f02000 	C:\Windows\SYSTEM32\UMPDC.dll
0x00007ffb93f60000 - 0x00007ffb93f72000 	C:\Windows\SYSTEM32\kernel.appcore.dll
0x00007ffb8ea00000 - 0x00007ffb8ea0a000 	c:\Users\RosmaGUz\.vscode\extensions\redhat.java-1.56.0-win32-x64\jre\21.0.12.1-win32-x86_64\bin\jimage.dll
0x00007ffb82610000 - 0x00007ffb827f4000 	C:\Windows\SYSTEM32\DBGHELP.DLL
0x00007ffb825d0000 - 0x00007ffb82604000 	C:\Windows\SYSTEM32\dbgcore.DLL
0x00007ffb960b0000 - 0x00007ffb96132000 	C:\Windows\System32\bcryptPrimitives.dll
0x00007ffb8dfb0000 - 0x00007ffb8dfbf000 	c:\Users\RosmaGUz\.vscode\extensions\redhat.java-1.56.0-win32-x64\jre\21.0.12.1-win32-x86_64\bin\instrument.dll
0x00007ffb7b120000 - 0x00007ffb7b140000 	c:\Users\RosmaGUz\.vscode\extensions\redhat.java-1.56.0-win32-x64\jre\21.0.12.1-win32-x86_64\bin\java.dll
0x00007ffb96e80000 - 0x00007ffb975c5000 	C:\Windows\System32\SHELL32.dll
0x00007ffb94160000 - 0x00007ffb948fc000 	C:\Windows\SYSTEM32\windows.storage.dll
0x00007ffb97dd0000 - 0x00007ffb98124000 	C:\Windows\System32\combase.dll
0x00007ffb95a10000 - 0x00007ffb95a3e000 	C:\Windows\SYSTEM32\Wldp.dll
0x00007ffb98740000 - 0x00007ffb9880d000 	C:\Windows\System32\OLEAUT32.dll
0x00007ffb98410000 - 0x00007ffb984bd000 	C:\Windows\System32\SHCORE.dll
0x00007ffb98520000 - 0x00007ffb98575000 	C:\Windows\System32\shlwapi.dll
0x00007ffb95fe0000 - 0x00007ffb96005000 	C:\Windows\SYSTEM32\profapi.dll
0x00007ffb7a7a0000 - 0x00007ffb7a7b8000 	c:\Users\RosmaGUz\.vscode\extensions\redhat.java-1.56.0-win32-x64\jre\21.0.12.1-win32-x86_64\bin\zip.dll
0x00007ffb7a790000 - 0x00007ffb7a7a0000 	C:\Users\RosmaGUz\.vscode\extensions\redhat.java-1.56.0-win32-x64\jre\21.0.12.1-win32-x86_64\bin\net.dll
0x00007ffb86d30000 - 0x00007ffb86e3a000 	C:\Windows\SYSTEM32\WINHTTP.dll
0x00007ffb95770000 - 0x00007ffb957da000 	C:\Windows\system32\mswsock.dll
0x00007ffb76170000 - 0x00007ffb76186000 	C:\Users\RosmaGUz\.vscode\extensions\redhat.java-1.56.0-win32-x64\jre\21.0.12.1-win32-x86_64\bin\nio.dll
0x00007ffb78b20000 - 0x00007ffb78b30000 	c:\Users\RosmaGUz\.vscode\extensions\redhat.java-1.56.0-win32-x64\jre\21.0.12.1-win32-x86_64\bin\verify.dll
0x00007ffb78cf0000 - 0x00007ffb78d35000 	C:\Users\RosmaGUz\AppData\Roaming\Code\User\globalStorage\redhat.java\1.56.0\config_win\org.eclipse.equinox.launcher\org.eclipse.equinox.launcher.win32.win32.x86_64_1.3.100.v20260804-1928\eclipse_11924.dll
0x00007ffb98130000 - 0x00007ffb9825b000 	C:\Windows\System32\ole32.dll
0x00007ffb95960000 - 0x00007ffb95978000 	C:\Windows\SYSTEM32\CRYPTSP.dll
0x00007ffb950a0000 - 0x00007ffb950d4000 	C:\Windows\system32\rsaenh.dll
0x00007ffb95fa0000 - 0x00007ffb95fce000 	C:\Windows\SYSTEM32\USERENV.dll
0x00007ffb95980000 - 0x00007ffb9598c000 	C:\Windows\SYSTEM32\CRYPTBASE.dll
0x00007ffb95460000 - 0x00007ffb9549b000 	C:\Windows\SYSTEM32\IPHLPAPI.DLL
0x00007ffb97d90000 - 0x00007ffb97d98000 	C:\Windows\System32\NSI.dll
0x00007ffb75d00000 - 0x00007ffb75d49000 	C:\Users\RosmaGUz\AppData\Local\Temp\jna-6197058\jna9214993776192733676.dll
0x00007ffb98400000 - 0x00007ffb98408000 	C:\Windows\System32\PSAPI.DLL

JVMTI agents:
c:\Users\RosmaGUz\.vscode\extensions\redhat.java-1.56.0-win32-x64\lombok\lombok-1.18.39-4050.jar path:c:\Users\RosmaGUz\.vscode\extensions\redhat.java-1.56.0-win32-x64\jre\21.0.12.1-win32-x86_64\bin\instrument.dll, loaded, initialized, instrumentlib options:none

dbghelp: loaded successfully - version: 4.0.5 - missing functions: none
symbol engine: initialized successfully - sym options: 0x614 - pdb path: .;c:\Users\RosmaGUz\.vscode\extensions\redhat.java-1.56.0-win32-x64\jre\21.0.12.1-win32-x86_64\bin;C:\Windows\SYSTEM32;C:\Windows\WinSxS\amd64_microsoft.windows.common-controls_6595b64144ccf1df_6.0.19041.3636_none_60b6a03d71f818d5;c:\Users\RosmaGUz\.vscode\extensions\redhat.java-1.56.0-win32-x64\jre\21.0.12.1-win32-x86_64\bin\server;C:\Users\RosmaGUz\AppData\Roaming\Code\User\globalStorage\redhat.java\1.56.0\config_win\org.eclipse.equinox.launcher\org.eclipse.equinox.launcher.win32.win32.x86_64_1.3.100.v20260804-1928;C:\Users\RosmaGUz\AppData\Local\Temp\jna-6197058

VM Arguments:
jvm_args: --add-modules=ALL-SYSTEM --add-opens=java.base/java.util=ALL-UNNAMED --add-opens=java.base/java.lang=ALL-UNNAMED --add-opens=java.base/sun.nio.fs=ALL-UNNAMED -Declipse.application=org.eclipse.jdt.ls.core.id1 -Dosgi.bundles.defaultStartLevel=4 -Declipse.product=org.eclipse.jdt.ls.core.product -Djava.import.generatesMetadataFilesAtProjectRoot=false -Dm2e.project.cache.size=50 -DDetectVMInstallationsJob.disabled=true -Dfile.encoding=utf8 -XX:+UseParallelGC -XX:GCTimeRatio=4 -XX:AdaptiveSizePolicyWeight=90 -Dsun.zip.disableMemoryMapping=true -Xmx2G -Xms100m -Xlog:disable -javaagent:c:\Users\RosmaGUz\.vscode\extensions\redhat.java-1.56.0-win32-x64\lombok\lombok-1.18.39-4050.jar -XX:+HeapDumpOnOutOfMemoryError -XX:HeapDumpPath=c:\Users\RosmaGUz\AppData\Roaming\Code\User\workspaceStorage\febdf675d02b96a87bcce0670ff79c90\redhat.java -Daether.dependencyCollector.impl=bf 
java_command: c:\Users\RosmaGUz\.vscode\extensions\redhat.java-1.56.0-win32-x64\server\plugins\org.eclipse.equinox.launcher_1.8.0.v20260804-1928.jar -configuration c:\Users\RosmaGUz\AppData\Roaming\Code\User\globalStorage\redhat.java\1.56.0\config_win -data c:\Users\RosmaGUz\AppData\Roaming\Code\User\workspaceStorage\febdf675d02b96a87bcce0670ff79c90\redhat.java\jdt_ws --pipe=\\.\pipe\lsp-cd86b8d4bfc24ea4c1e967d097530a36-sock
java_class_path (initial): c:\Users\RosmaGUz\.vscode\extensions\redhat.java-1.56.0-win32-x64\server\plugins\org.eclipse.equinox.launcher_1.8.0.v20260804-1928.jar
Launcher Type: SUN_STANDARD

[Global flags]
    uintx AdaptiveSizePolicyWeight                 = 90                                        {product} {command line}
     intx CICompilerCount                          = 3                                         {product} {ergonomic}
    uintx GCTimeRatio                              = 4                                         {product} {command line}
     bool HeapDumpOnOutOfMemoryError               = true                                   {manageable} {command line}
    ccstr HeapDumpPath                             = c:\Users\RosmaGUz\AppData\Roaming\Code\User\workspaceStorage\febdf675d02b96a87bcce0670ff79c90\redhat.java         {manageable} {command line}
   size_t InitialHeapSize                          = 104857600                                 {product} {command line}
   size_t MaxHeapSize                              = 2147483648                                {product} {command line}
   size_t MaxNewSize                               = 715653120                                 {product} {ergonomic}
   size_t MinHeapDeltaBytes                        = 524288                                    {product} {ergonomic}
   size_t MinHeapSize                              = 104857600                                 {product} {command line}
   size_t NewSize                                  = 34603008                                  {product} {ergonomic}
    uintx NonNMethodCodeHeapSize                   = 5832780                                {pd product} {ergonomic}
    uintx NonProfiledCodeHeapSize                  = 122912730                              {pd product} {ergonomic}
   size_t OldSize                                  = 70254592                                  {product} {ergonomic}
    uintx ProfiledCodeHeapSize                     = 122912730                              {pd product} {ergonomic}
    uintx ReservedCodeCacheSize                    = 251658240                              {pd product} {ergonomic}
     bool SegmentedCodeCache                       = true                                      {product} {ergonomic}
   size_t SoftMaxHeapSize                          = 2147483648                             {manageable} {ergonomic}
     bool UseCompressedOops                        = true                           {product lp64_product} {ergonomic}
     bool UseLargePagesIndividualAllocation        = false                                  {pd product} {ergonomic}
     bool UseParallelGC                            = true                                      {product} {command line}

Logging:
Log output configuration:
 #0: stdout all=off uptime,level,tags foldmultilines=false
 #1: stderr all=off uptime,level,tags foldmultilines=false

Release file:
JAVA_VERSION="21.0.12.1" 
MODULES="java.base java.compiler java.datatransfer java.xml java.prefs java.desktop java.instrument java.logging java.management java.security.sasl java.naming java.rmi java.management.rmi java.net.http java.scripting java.security.jgss java.transaction.xa java.sql java.sql.rowset java.xml.crypto java.se java.smartcardio jdk.accessibility jdk.internal.jvmstat jdk.attach jdk.charsets jdk.internal.opt jdk.zipfs jdk.compiler jdk.crypto.ec jdk.crypto.cryptoki jdk.crypto.mscapi jdk.dynalink jdk.internal.ed jdk.editpad jdk.hotspot.agent jdk.httpserver jdk.internal.le jdk.internal.vm.ci jdk.internal.vm.compiler jdk.internal.vm.compiler.management jdk.jartool jdk.javadoc jdk.jcmd jdk.management jdk.management.agent jdk.jconsole jdk.jdeps jdk.jdwp.agent jdk.jdi jdk.jfr jdk.jshell jdk.jsobject jdk.jstatd jdk.localedata jdk.management.jfr jdk.naming.dns jdk.naming.rmi jdk.net jdk.nio.mapmode jdk.random jdk.sctp jdk.security.auth jdk.security.jgss jdk.unsupported jdk.unsupported.desktop jdk.xml.dom" 

Environment Variables:
PATH=C:\Python314\Scripts\;C:\Python314\;C:\Program Files\Common Files\Oracle\Java\javapath;C:\Windows\system32;C:\Windows;C:\Windows\System32\Wbem;C:\Windows\System32\WindowsPowerShell\v1.0\;C:\Windows\System32\OpenSSH\;C:\Program Files\nodejs\;C:\ProgramData\chocolatey\bin;C:\Program Files\Git\cmd;C:\Users\RosmaGUz\AppData\Local\Microsoft\WindowsApps;C:\Users\RosmaGUz\AppData\Local\GitHubDesktop\bin;C:\Users\RosmaGUz\AppData\Roaming\npm;C:\Users\RosmaGUz\AppData\Local\Programs\Microsoft VS Code\bin;C:\tools\dart-sdk\bin;C:\Users\RosmaGUz\AppData\Local\Pub\Cache\bin;C:\Users\RosmaGUz\AppData\Local\Programs\mongosh\
USERNAME=RosmaGUz
OS=Windows_NT
PROCESSOR_IDENTIFIER=Intel64 Family 6 Model 78 Stepping 3, GenuineIntel
TMP=C:\Users\RosmaGUz\AppData\Local\Temp
TEMP=C:\Users\RosmaGUz\AppData\Local\Temp




Periodic native trim disabled

---------------  S Y S T E M  ---------------

OS:
 Windows 10 , 64 bit Build 19041 (10.0.19041.3636)
OS uptime: 26 days 10:10 hours

CPU: total 4 (initial active 4) (2 cores per cpu, 2 threads per core) family 6 model 78 stepping 3 microcode 0xcc, cx8, cmov, fxsr, ht, mmx, 3dnowpref, sse, sse2, sse3, ssse3, sse4.1, sse4.2, popcnt, lzcnt, tsc, tscinvbit, avx, avx2, aes, erms, clmul, bmi1, bmi2, adx, fma, vzeroupper, clflush, clflushopt, rdtscp, f16c
Processor Information for the first 4 processors :
  Max Mhz: 1992, Current Mhz: 1992, Mhz Limit: 1992

Memory: 4k page, system-wide physical 8100M (2571M free)
TotalPageFile size 32676M (AvailPageFile size 1M)
current process WorkingSet (physical memory assigned to process): 135M, peak: 135M
current process commit charge ("private bytes"): 264M, peak: 265M

vm_info: OpenJDK 64-Bit Server VM (21.0.12.1+1-LTS) for windows-amd64 JRE (21.0.12.1+1-LTS), built on 2026-08-18T00:00:00Z by "admin" with MS VC++ 17.12 (VS2022)

END.
